19:35:59 **** Incremental Build of configuration Debug for project adc ****
make -j4 all 
arm-none-eabi-gcc "../Core/Src/main.c" -mcpu=cortex-m4 -std=gnu11 -g3 -DDEBUG -DUSE_HAL_DRIVER -DSTM32F407xx -c -I../Core/Inc -I../Drivers/STM32F4xx_HAL_Driver/Inc -I../Drivers/STM32F4xx_HAL_Driver/Inc/Legacy -I../Drivers/CMSIS/Device/ST/STM32F4xx/Include -I../Drivers/CMSIS/Include -O0 -ffunction-sections -fdata-sections -Wall -fstack-usage -MMD -MP -MF"Core/Src/main.d" -MT"Core/Src/main.o" --specs=nano.specs -mfpu=fpv4-sp-d16 -mfloat-abi=hard -mthumb -o "Core/Src/main.o"
arm-none-eabi-gcc -o "adc.elf" @"objects.list"   -mcpu=cortex-m4 -T"C:\Users\CYBER\Desktop\GITHUB\adc\adc\STM32F407VGTX_FLASH.ld" --specs=nosys.specs -Wl,-Map="adc.map" -Wl,--gc-sections -static --specs=nano.specs -mfpu=fpv4-sp-d16 -mfloat-abi=hard -mthumb -Wl,--start-group -lc -lm -Wl,--end-group
Finished building target: adc.elf
 
arm-none-eabi-size   adc.elf 
arm-none-eabi-objdump -h -S  adc.elf  > "adc.list"
arm-none-eabi-objcopy  -O binary  adc.elf  "adc.bin"
   text	   data	    bss	    dec	    hex	filename
   9876	     20	   1724	  11620	   2d64	adc.elf
Finished building: default.size.stdout
 
Finished building: adc.bin
 
Finished building: adc.list
 
19:36:40 **** Incremental Build of configuration Debug for project adc ****
make -j4 all 
arm-none-eabi-size   adc.elf 
   text	   data	    bss	    dec	    hex	filename
   9876	     20	   1724	  11620	   2d64	adc.elf
Finished building: default.size.stdout
 
19:39:57 **** Incremental Build of configuration Debug for project adc ****
make -j4 all 
arm-none-eabi-size   adc.elf 
   text	   data	    bss	    dec	    hex	filename
   9876	     20	   1724	  11620	   2d64	adc.elf
Finished building: default.size.stdout
 
